background
surface_overlay
surface_help
surface_toast
surface_status_bar
surface_selected
surface_self_mention
surface_code
text
text_dim
text_muted
text_faint
text_subtle
text_on_surface
text_status_bar
text_on_selected
text_on_selected_muted
text_on_toast
text_mode_label
text_code
accent
accent_on_surface
accent_status_bar
accent_insert
accent_mode_normal
accent_mode_insert
status_error
status_warning
status_info
status_online
tick_sent
tick_outbox
tick_read
tick_failed
name_incoming
name_editing
indicator
unread_separator
waveform_played
reaction_chosen
unread_reaction
unread_mention
border_pane
border_pane_active
border_bubble_in
border_bubble_out
border_overlay
border_composer_focused
border_composer_flash
border_status_sep
markup_link
markup_ref
markup_self_mention_fg
highlight_accent
highlight_error
highlight_base_chat
highlight_base_bubble
overlay_dim
composer_counter_dim
composer_glyph_idle
composer_glyph_ready
sender_palette
logo_gradient
